---
source: crates/canon-tui/src/tests.rs
assertion_line: 693
expression: "draw(&app, 90, 16)"
---
 canon  Queue  Library  Playlists  Search  Outputs  Settings            Tunes · connected
  Settings   enter: sign in / toggle · X: sign out · J K: reorder
  Services
   tidal.pkce          Tidal (browser login)  signed in as 189763387 · browse · library ·
   tidal.device        Tidal (tidal.device)   not signed in · no audio
  Streaming order (plays count where they're played)
   1. tidal
   2. spotify
  Preferences
 [ ] Autoplay: keep playing similar tracks when the queue runs out
 [x] Identify tracks with MusicBrainz (sends ISRCs and barcodes)

──────────────────────────────────────────────────────────────────────────────────────────
 ▶ Will o the Wisp — Opeth · Sorceress
   1:23 ━━━━━━━━━━━━━━━━━━━━──────────────────────────────────────────────────────── 5:07
   vol 40% · repeat off · tidal flac 16/44.1                                       ? keys
