---
source: crates/canon-tui/src/tests.rs
assertion_line: 642
expression: "draw(&app, 80, 14)"
---
 canon  1  2  3  4  5  6                                      Tunes · connected
  Outputs   enter: play there · f: flow / standard
   Local output                                       local
 ● Tunes                                              cast · dlna           flow
     over cast
 ●   over dlna




────────────────────────────────────────────────────────────────────────────────
 ▶ Will o the Wisp — Opeth · Sorceress
   1:23 ━━━━━━━━━━━━━━━━━───────────────────────────────────────────────── 5:07
   vol 40% · repeat off · tidal flac 16/44.1                             ? keys
